[INFO] Scanning for projects...
[INFO] 
[INFO] --------------------------< com.example:demo >--------------------------
[INFO] Building demo 0.0.1-SNAPSHOT
[INFO]   from pom.xml
[INFO] --------------------------------[ jar ]---------------------------------
[INFO] 
[INFO] --- clean:3.5.0:clean (default-clean) @ demo ---
[INFO] Deleting C:\Users\HP\Backend-Services\LearnGeeks\target
[INFO] 
[INFO] --- resources:3.3.1:resources (default-resources) @ demo ---
[INFO] Copying 1 resource from src\main\resources to target\classes
[INFO] Copying 0 resource from src\main\resources to target\classes
[INFO] 
[INFO] --- compiler:3.14.1:compile (default-compile) @ demo ---
[INFO] Recompiling the module because of changed source code.
[INFO] Compiling 53 source files with javac [debug parameters release 21] to target\classes
[INFO] -------------------------------------------------------------
[ERROR] COMPILATION ERROR : 
[INFO] -------------------------------------------------------------
[ERROR] /C:/Users/HP/Backend-Services/LearnGeeks/src/main/java/com/example/demo/SchoolStructure/controller/ParentController.java:[28,52] cannot find symbol
  symbol:   method getUserId()
  location: variable request of type @jakarta.validation.Valid com.example.demo.SchoolStructure.DTO.ParentDTO.CreateParentRequest
[ERROR] /C:/Users/HP/Backend-Services/LearnGeeks/src/main/java/com/example/demo/SchoolStructure/controller/ParentController.java:[35,58] cannot find symbol
  symbol:   method getStudentId()
  location: variable request of type @jakarta.validation.Valid com.example.demo.SchoolStructure.DTO.ParentDTO.CreateParentRequest
[ERROR] /C:/Users/HP/Backend-Services/LearnGeeks/src/main/java/com/example/demo/SchoolStructure/controller/ParentController.java:[38,37] cannot find symbol
  symbol:   method builder()
  location: class com.example.demo.SchoolStructure.DTO.ParentDTO.ParentResponse
[ERROR] /C:/Users/HP/Backend-Services/LearnGeeks/src/main/java/com/example/demo/SchoolStructure/controller/ParentController.java:[52,41] cannot find symbol
  symbol:   method builder()
  location: class com.example.demo.SchoolStructure.DTO.ParentDTO.ParentResponse
[ERROR] /C:/Users/HP/Backend-Services/LearnGeeks/src/main/java/com/example/demo/SchoolStructure/controller/ParentController.java:[58,24] incompatible types: java.util.List<java.lang.Object> cannot be converted to java.util.List<com.example.demo.SchoolStructure.DTO.ParentDTO.ParentResponse>
[ERROR] /C:/Users/HP/Backend-Services/LearnGeeks/src/main/java/com/example/demo/SchoolStructure/controller/SchoolClassController.java:[28,30] cannot find symbol
  symbol:   method getName()
  location: variable request of type @jakarta.validation.Valid com.example.demo.SchoolStructure.DTO.ClassDTO.CreateClassRequest
[ERROR] /C:/Users/HP/Backend-Services/LearnGeeks/src/main/java/com/example/demo/SchoolStructure/controller/SchoolClassController.java:[29,38] cannot find symbol
  symbol:   method getAcademicYear()
  location: variable request of type @jakarta.validation.Valid com.example.demo.SchoolStructure.DTO.ClassDTO.CreateClassRequest
[ERROR] /C:/Users/HP/Backend-Services/LearnGeeks/src/main/java/com/example/demo/SchoolStructure/controller/SchoolClassController.java:[35,36] cannot find symbol
  symbol:   method builder()
  location: class com.example.demo.SchoolStructure.DTO.ClassDTO.ClassResponse
[ERROR] /C:/Users/HP/Backend-Services/LearnGeeks/src/main/java/com/example/demo/SchoolStructure/controller/SchoolClassController.java:[46,40] cannot find symbol
  symbol:   method builder()
  location: class com.example.demo.SchoolStructure.DTO.ClassDTO.ClassResponse
[ERROR] /C:/Users/HP/Backend-Services/LearnGeeks/src/main/java/com/example/demo/SchoolStructure/controller/SchoolClassController.java:[51,24] incompatible types: java.util.List<java.lang.Object> cannot be converted to java.util.List<com.example.demo.SchoolStructure.DTO.ClassDTO.ClassResponse>
[ERROR] /C:/Users/HP/Backend-Services/LearnGeeks/src/main/java/com/example/demo/SchoolStructure/controller/StudentController.java:[28,52] cannot find symbol
  symbol:   method getUserId()
  location: variable request of type @jakarta.validation.Valid com.example.demo.SchoolStructure.DTO.StudentDTO.CreateStudentRequest
[ERROR] /C:/Users/HP/Backend-Services/LearnGeeks/src/main/java/com/example/demo/SchoolStructure/controller/StudentController.java:[33,41] cannot find symbol
  symbol:   method getAdmissionNumber()
  location: variable request of type @jakarta.validation.Valid com.example.demo.SchoolStructure.DTO.StudentDTO.CreateStudentRequest
[ERROR] /C:/Users/HP/Backend-Services/LearnGeeks/src/main/java/com/example/demo/SchoolStructure/controller/StudentController.java:[36,61] cannot find symbol
  symbol:   method getClassId()
  location: variable request of type @jakarta.validation.Valid com.example.demo.SchoolStructure.DTO.StudentDTO.CreateStudentRequest
[ERROR] /C:/Users/HP/Backend-Services/LearnGeeks/src/main/java/com/example/demo/SchoolStructure/controller/StudentController.java:[39,38] cannot find symbol
  symbol:   method builder()
  location: class com.example.demo.SchoolStructure.DTO.StudentDTO.StudentResponse
[ERROR] /C:/Users/HP/Backend-Services/LearnGeeks/src/main/java/com/example/demo/SchoolStructure/controller/StudentController.java:[54,42] cannot find symbol
  symbol:   method builder()
  location: class com.example.demo.SchoolStructure.DTO.StudentDTO.StudentResponse
[ERROR] /C:/Users/HP/Backend-Services/LearnGeeks/src/main/java/com/example/demo/SchoolStructure/controller/StudentController.java:[61,24] incompatible types: java.util.List<java.lang.Object> cannot be converted to java.util.List<com.example.demo.SchoolStructure.DTO.StudentDTO.StudentResponse>
[ERROR] /C:/Users/HP/Backend-Services/LearnGeeks/src/main/java/com/example/demo/SchoolStructure/controller/SubjectController.java:[27,30] cannot find symbol
  symbol:   method getName()
  location: variable request of type @jakarta.validation.Valid com.example.demo.SchoolStructure.DTO.SubjectDTO.CreateSubjectRequest
[ERROR] /C:/Users/HP/Backend-Services/LearnGeeks/src/main/java/com/example/demo/SchoolStructure/controller/SubjectController.java:[30,61] cannot find symbol
  symbol:   method getClassId()
  location: variable request of type @jakarta.validation.Valid com.example.demo.SchoolStructure.DTO.SubjectDTO.CreateSubjectRequest
[ERROR] /C:/Users/HP/Backend-Services/LearnGeeks/src/main/java/com/example/demo/SchoolStructure/controller/SubjectController.java:[33,38] cannot find symbol
  symbol:   method builder()
  location: class com.example.demo.SchoolStructure.DTO.SubjectDTO.SubjectResponse
[ERROR] /C:/Users/HP/Backend-Services/LearnGeeks/src/main/java/com/example/demo/SchoolStructure/controller/SubjectController.java:[47,42] cannot find symbol
  symbol:   method builder()
  location: class com.example.demo.SchoolStructure.DTO.SubjectDTO.SubjectResponse
[ERROR] /C:/Users/HP/Backend-Services/LearnGeeks/src/main/java/com/example/demo/SchoolStructure/controller/SubjectController.java:[53,24] incompatible types: java.util.List<java.lang.Object> cannot be converted to java.util.List<com.example.demo.SchoolStructure.DTO.SubjectDTO.SubjectResponse>
[ERROR] /C:/Users/HP/Backend-Services/LearnGeeks/src/main/java/com/example/demo/SchoolStructure/controller/TeacherController.java:[32,52] cannot find symbol
  symbol:   method getUserId()
  location: variable request of type @jakarta.validation.Valid com.example.demo.SchoolStructure.DTO.TeacherDTO.CreateTeacherRequest
[ERROR] /C:/Users/HP/Backend-Services/LearnGeeks/src/main/java/com/example/demo/SchoolStructure/controller/TeacherController.java:[37,40] cannot find symbol
  symbol:   method getEmployeeNumber()
  location: variable request of type @jakarta.validation.Valid com.example.demo.SchoolStructure.DTO.TeacherDTO.CreateTeacherRequest
[ERROR] /C:/Users/HP/Backend-Services/LearnGeeks/src/main/java/com/example/demo/SchoolStructure/controller/TeacherController.java:[43,38] cannot find symbol
  symbol:   method builder()
  location: class com.example.demo.SchoolStructure.DTO.TeacherDTO.TeacherResponse
[ERROR] /C:/Users/HP/Backend-Services/LearnGeeks/src/main/java/com/example/demo/SchoolStructure/controller/TeacherController.java:[55,75] cannot find symbol
  symbol:   method getSubjectIds()
  location: variable request of type @jakarta.validation.Valid com.example.demo.SchoolStructure.DTO.TeacherDTO.AssignSubjectRequest
[ERROR] /C:/Users/HP/Backend-Services/LearnGeeks/src/main/java/com/example/demo/SchoolStructure/controller/TeacherController.java:[58,32] cannot find symbol
  symbol:   method builder()
  location: class com.example.demo.SchoolStructure.DTO.TeacherDTO.TeacherResponse
[INFO] 26 errors 
[INFO] -------------------------------------------------------------
[INFO] ------------------------------------------------------------------------
[INFO] BUILD FAILURE
[INFO] ------------------------------------------------------------------------
[INFO] Total time:  5.380 s
[INFO] Finished at: 2025-12-21T03:42:36+02:00
[INFO] ------------------------------------------------------------------------
[ERROR] Failed to execute goal org.apache.maven.plugins:maven-compiler-plugin:3.14.1:compile (default-compile) on project demo: Compilation failure: Compilation failure: 
[ERROR] /C:/Users/HP/Backend-Services/LearnGeeks/src/main/java/com/example/demo/SchoolStructure/controller/ParentController.java:[28,52] cannot find symbol
[ERROR]   symbol:   method getUserId()
[ERROR]   location: variable request of type @jakarta.validation.Valid com.example.demo.SchoolStructure.DTO.ParentDTO.CreateParentRequest
[ERROR] /C:/Users/HP/Backend-Services/LearnGeeks/src/main/java/com/example/demo/SchoolStructure/controller/ParentController.java:[35,58] cannot find symbol
[ERROR]   symbol:   method getStudentId()
[ERROR]   location: variable request of type @jakarta.validation.Valid com.example.demo.SchoolStructure.DTO.ParentDTO.CreateParentRequest
[ERROR] /C:/Users/HP/Backend-Services/LearnGeeks/src/main/java/com/example/demo/SchoolStructure/controller/ParentController.java:[38,37] cannot find symbol
[ERROR]   symbol:   method builder()
[ERROR]   location: class com.example.demo.SchoolStructure.DTO.ParentDTO.ParentResponse
[ERROR] /C:/Users/HP/Backend-Services/LearnGeeks/src/main/java/com/example/demo/SchoolStructure/controller/ParentController.java:[52,41] cannot find symbol
[ERROR]   symbol:   method builder()
[ERROR]   location: class com.example.demo.SchoolStructure.DTO.ParentDTO.ParentResponse
[ERROR] /C:/Users/HP/Backend-Services/LearnGeeks/src/main/java/com/example/demo/SchoolStructure/controller/ParentController.java:[58,24] incompatible types: java.util.List<java.lang.Object> cannot be converted to java.util.List<com.example.demo.SchoolStructure.DTO.ParentDTO.ParentResponse>
[ERROR] /C:/Users/HP/Backend-Services/LearnGeeks/src/main/java/com/example/demo/SchoolStructure/controller/SchoolClassController.java:[28,30] cannot find symbol
[ERROR]   symbol:   method getName()
[ERROR]   location: variable request of type @jakarta.validation.Valid com.example.demo.SchoolStructure.DTO.ClassDTO.CreateClassRequest
[ERROR] /C:/Users/HP/Backend-Services/LearnGeeks/src/main/java/com/example/demo/SchoolStructure/controller/SchoolClassController.java:[29,38] cannot find symbol
[ERROR]   symbol:   method getAcademicYear()
[ERROR]   location: variable request of type @jakarta.validation.Valid com.example.demo.SchoolStructure.DTO.ClassDTO.CreateClassRequest
[ERROR] /C:/Users/HP/Backend-Services/LearnGeeks/src/main/java/com/example/demo/SchoolStructure/controller/SchoolClassController.java:[35,36] cannot find symbol
[ERROR]   symbol:   method builder()
[ERROR]   location: class com.example.demo.SchoolStructure.DTO.ClassDTO.ClassResponse
[ERROR] /C:/Users/HP/Backend-Services/LearnGeeks/src/main/java/com/example/demo/SchoolStructure/controller/SchoolClassController.java:[46,40] cannot find symbol
[ERROR]   symbol:   method builder()
[ERROR]   location: class com.example.demo.SchoolStructure.DTO.ClassDTO.ClassResponse
[ERROR] /C:/Users/HP/Backend-Services/LearnGeeks/src/main/java/com/example/demo/SchoolStructure/controller/SchoolClassController.java:[51,24] incompatible types: java.util.List<java.lang.Object> cannot be converted to java.util.List<com.example.demo.SchoolStructure.DTO.ClassDTO.ClassResponse>
[ERROR] /C:/Users/HP/Backend-Services/LearnGeeks/src/main/java/com/example/demo/SchoolStructure/controller/StudentController.java:[28,52] cannot find symbol
[ERROR]   symbol:   method getUserId()
[ERROR]   location: variable request of type @jakarta.validation.Valid com.example.demo.SchoolStructure.DTO.StudentDTO.CreateStudentRequest
[ERROR] /C:/Users/HP/Backend-Services/LearnGeeks/src/main/java/com/example/demo/SchoolStructure/controller/StudentController.java:[33,41] cannot find symbol
[ERROR]   symbol:   method getAdmissionNumber()
[ERROR]   location: variable request of type @jakarta.validation.Valid com.example.demo.SchoolStructure.DTO.StudentDTO.CreateStudentRequest
[ERROR] /C:/Users/HP/Backend-Services/LearnGeeks/src/main/java/com/example/demo/SchoolStructure/controller/StudentController.java:[36,61] cannot find symbol
[ERROR]   symbol:   method getClassId()
[ERROR]   location: variable request of type @jakarta.validation.Valid com.example.demo.SchoolStructure.DTO.StudentDTO.CreateStudentRequest
[ERROR] /C:/Users/HP/Backend-Services/LearnGeeks/src/main/java/com/example/demo/SchoolStructure/controller/StudentController.java:[39,38] cannot find symbol
[ERROR]   symbol:   method builder()
[ERROR]   location: class com.example.demo.SchoolStructure.DTO.StudentDTO.StudentResponse
[ERROR] /C:/Users/HP/Backend-Services/LearnGeeks/src/main/java/com/example/demo/SchoolStructure/controller/StudentController.java:[54,42] cannot find symbol
[ERROR]   symbol:   method builder()
[ERROR]   location: class com.example.demo.SchoolStructure.DTO.StudentDTO.StudentResponse
[ERROR] /C:/Users/HP/Backend-Services/LearnGeeks/src/main/java/com/example/demo/SchoolStructure/controller/StudentController.java:[61,24] incompatible types: java.util.List<java.lang.Object> cannot be converted to java.util.List<com.example.demo.SchoolStructure.DTO.StudentDTO.StudentResponse>
[ERROR] /C:/Users/HP/Backend-Services/LearnGeeks/src/main/java/com/example/demo/SchoolStructure/controller/SubjectController.java:[27,30] cannot find symbol
[ERROR]   symbol:   method getName()
[ERROR]   location: variable request of type @jakarta.validation.Valid com.example.demo.SchoolStructure.DTO.SubjectDTO.CreateSubjectRequest
[ERROR] /C:/Users/HP/Backend-Services/LearnGeeks/src/main/java/com/example/demo/SchoolStructure/controller/SubjectController.java:[30,61] cannot find symbol
[ERROR]   symbol:   method getClassId()
[ERROR]   location: variable request of type @jakarta.validation.Valid com.example.demo.SchoolStructure.DTO.SubjectDTO.CreateSubjectRequest
[ERROR] /C:/Users/HP/Backend-Services/LearnGeeks/src/main/java/com/example/demo/SchoolStructure/controller/SubjectController.java:[33,38] cannot find symbol
[ERROR]   symbol:   method builder()
[ERROR]   location: class com.example.demo.SchoolStructure.DTO.SubjectDTO.SubjectResponse
[ERROR] /C:/Users/HP/Backend-Services/LearnGeeks/src/main/java/com/example/demo/SchoolStructure/controller/SubjectController.java:[47,42] cannot find symbol
[ERROR]   symbol:   method builder()
[ERROR]   location: class com.example.demo.SchoolStructure.DTO.SubjectDTO.SubjectResponse
[ERROR] /C:/Users/HP/Backend-Services/LearnGeeks/src/main/java/com/example/demo/SchoolStructure/controller/SubjectController.java:[53,24] incompatible types: java.util.List<java.lang.Object> cannot be converted to java.util.List<com.example.demo.SchoolStructure.DTO.SubjectDTO.SubjectResponse>
[ERROR] /C:/Users/HP/Backend-Services/LearnGeeks/src/main/java/com/example/demo/SchoolStructure/controller/TeacherController.java:[32,52] cannot find symbol
[ERROR]   symbol:   method getUserId()
[ERROR]   location: variable request of type @jakarta.validation.Valid com.example.demo.SchoolStructure.DTO.TeacherDTO.CreateTeacherRequest
[ERROR] /C:/Users/HP/Backend-Services/LearnGeeks/src/main/java/com/example/demo/SchoolStructure/controller/TeacherController.java:[37,40] cannot find symbol
[ERROR]   symbol:   method getEmployeeNumber()
[ERROR]   location: variable request of type @jakarta.validation.Valid com.example.demo.SchoolStructure.DTO.TeacherDTO.CreateTeacherRequest
[ERROR] /C:/Users/HP/Backend-Services/LearnGeeks/src/main/java/com/example/demo/SchoolStructure/controller/TeacherController.java:[43,38] cannot find symbol
[ERROR]   symbol:   method builder()
[ERROR]   location: class com.example.demo.SchoolStructure.DTO.TeacherDTO.TeacherResponse
[ERROR] /C:/Users/HP/Backend-Services/LearnGeeks/src/main/java/com/example/demo/SchoolStructure/controller/TeacherController.java:[55,75] cannot find symbol
[ERROR]   symbol:   method getSubjectIds()
[ERROR]   location: variable request of type @jakarta.validation.Valid com.example.demo.SchoolStructure.DTO.TeacherDTO.AssignSubjectRequest
[ERROR] /C:/Users/HP/Backend-Services/LearnGeeks/src/main/java/com/example/demo/SchoolStructure/controller/TeacherController.java:[58,32] cannot find symbol
[ERROR]   symbol:   method builder()
[ERROR]   location: class com.example.demo.SchoolStructure.DTO.TeacherDTO.TeacherResponse
[ERROR] -> [Help 1]
[ERROR] 
[ERROR] To see the full stack trace of the errors, re-run Maven with the -e switch.
[ERROR] Re-run Maven using the -X switch to enable full debug logging.
[ERROR] 
[ERROR] For more information about the errors and possible solutions, please read the following articles:
[ERROR] [Help 1] http://cwiki.apache.org/confluence/display/MAVEN/MojoFailureException
